File: output\uncert.out                                UH v3.0.8, 09/2023
 
  
  HYDROGRAPH CALCULATION FOR WATERSHED-SCS METHOD
  
 INPUTS
 ------
Storm Rainfall=  100.00 mm
SCS storm type= II   
Storm duration=   6.0 h
SCS Curve number=  85.0
Watershed area=    0.50 ha
Maximum flow path length=  100.00 m
Average slope of flow path=    2.00 %
MUSLE type=  1 where R-factor is (see manual)
  0=Foster, 1=Williams,   2=GLEAMS
  3=Cooley, 4=PRZM-MUSLE, 5=PRZM-MUSS
  
 OUTPUTS
 -------
Runoff volume=  582.02 mm= 2910.09 m3
Initial Abstraction=    8.96 mm
Concentration time=    0.13 h=     7.81 min
  
 SCS  1.9-min unit hydrograph
 time (h)    q(m3/s)   q(mm/h)
------------------------------
    0.0000    0.0000    0.0000
    0.0312    0.0022    1.6016
    0.0625    0.0086    6.2182
    0.0937    0.0113    8.1615
    0.1250    0.0095    6.8711
    0.1562    0.0063    4.5354
    0.1874    0.0036    2.5666
    0.2187    0.0018    1.3061
    0.2499    0.0009    0.6150
    0.2812    0.0004    0.2729
    0.3124    0.0002    0.1155
    0.3436    0.0001    0.0471
    0.3749    0.0000    0.0186
    0.4061    0.0000    0.0072
    0.4374    0.0000    0.0027
    0.4686    0.0000    0.0010

PASSED unit hydrograph check- V(mm)=  1.01
Number of unit hydrograph steps (n)  =   16
Number of excess hyetograph steps (m)=  141

 Final hydrograph (convolution)
 time (h)    q(m3/s)   q(mm/h)
------------------------------
    1.6477    0.0000    0.0000
    1.6789    0.0000    0.0005
    1.7101    0.0000    0.0059
    1.7414    0.0000    0.0261
    1.7726    0.0001    0.0667
    1.8039    0.0002    0.1258
    1.8351    0.0003    0.1988
    1.8663    0.0004    0.2815
    1.8976    0.0005    0.3710
    1.9288    0.0006    0.4659
    1.9601    0.0008    0.5657
    1.9913    0.0009    0.6704
    2.0225    0.0011    0.7799
    2.0538    0.0012    0.8948
    2.0850    0.0014    1.0154
    2.1163    0.0016    1.1423
    2.1475    0.0018    1.2759
    2.1787    0.0020    1.4169
    2.2100    0.0022    1.5660
    2.2412    0.0024    1.7241
    2.2725    0.0026    1.8921
    2.3037    0.0029    2.0710
    2.3349    0.0031    2.2620
    2.3662    0.0034    2.4667
    2.3974    0.0037    2.6867
    2.4287    0.0041    2.9238
    2.4599    0.0044    3.1805
    2.4911    0.0048    3.4595
    2.5224    0.0052    3.7640
    2.5536    0.0057    4.0981
    2.5849    0.0062    4.4667
    2.6161    0.0068    4.8757
    2.6473    0.0074    5.3330
    2.6786    0.0081    5.8482
    2.7098    0.0089    6.4338
    2.7411    0.0099    7.1068
    2.7723    0.0110    7.8898
    2.8035    0.0122    8.8144
    2.8348    0.0138    9.9264
    2.8660    0.0157   11.2949
    2.8973    0.0181   13.0299
    2.9285    0.0213   15.3215
    2.9597    0.0257   18.5359
    2.9910    0.0327   23.5266
    3.0222    0.0464   33.4019
    3.0535    0.1001   72.0444
    3.0847    0.2128  153.2420
    3.1159    0.2731  196.6201
    3.1472    0.2553  183.8041
    3.1784    0.2005  144.3694
    3.2097    0.1449  104.3167
    3.2409    0.1027   73.9140
    3.2721    0.0746   53.7114
    3.3034    0.0570   41.0355
    3.3346    0.0460   33.1356
    3.3659    0.0390   28.0602
    3.3971    0.0342   24.6198
    3.4283    0.0307   22.1398
    3.4596    0.0281   20.2483
    3.4908    0.0260   18.7381
    3.5221    0.0243   17.4869
    3.5533    0.0228   16.4349
    3.5845    0.0216   15.5277
    3.6158    0.0205   14.7341
    3.6470    0.0195   14.0326
    3.6783    0.0186   13.4069
    3.7095    0.0178   12.8446
    3.7407    0.0171   12.3360
    3.7720    0.0165   11.8732
    3.8032    0.0159   11.4500
    3.8345    0.0154   11.0613
    3.8657    0.0149   10.7028
    3.8969    0.0144   10.3709
    3.9282    0.0140   10.0626
    3.9594    0.0136    9.7753
    3.9906    0.0132    9.5069
    4.0219    0.0129    9.2554
    4.0531    0.0125    9.0193
    4.0844    0.0122    8.7970
    4.1156    0.0119    8.5874
    4.1468    0.0117    8.3893
    4.1781    0.0114    8.2017
    4.2093    0.0111    8.0239
    4.2406    0.0109    7.8550
    4.2718    0.0107    7.6943
    4.3030    0.0105    7.5412
    4.3343    0.0103    7.3951
    4.3655    0.0101    7.2557
    4.3968    0.0099    7.1223
    4.4280    0.0097    6.9946
    4.4592    0.0095    6.8723
    4.4905    0.0094    6.7549
    4.5217    0.0092    6.6422
    4.5530    0.0091    6.5338
    4.5842    0.0089    6.4296
    4.6154    0.0088    6.3292
    4.6467    0.0087    6.2325
    4.6779    0.0085    6.1392
    4.7092    0.0084    6.0492
    4.7404    0.0083    5.9622
    4.7716    0.0082    5.8782
    4.8029    0.0081    5.7969
    4.8341    0.0079    5.7182
    4.8654    0.0078    5.6421
    4.8966    0.0077    5.5683
    4.9278    0.0076    5.4967
    4.9591    0.0075    5.4274
    4.9903    0.0074    5.3600
    5.0216    0.0074    5.2946
    5.0528    0.0073    5.2311
    5.0840    0.0072    5.1693
    5.1153    0.0071    5.1093
    5.1465    0.0070    5.0509
    5.1778    0.0069    4.9940
    5.2090    0.0069    4.9387
    5.2402    0.0068    4.8847
    5.2715    0.0067    4.8322
    5.3027    0.0066    4.7810
    5.3340    0.0066    4.7310
    5.3652    0.0065    4.6823
    5.3964    0.0064    4.6348
    5.4277    0.0064    4.5883
    5.4589    0.0063    4.5430
    5.4902    0.0062    4.4987
    5.5214    0.0062    4.4554
    5.5526    0.0061    4.4132
    5.5839    0.0061    4.3718
    5.6151    0.0060    4.3314
    5.6464    0.0060    4.2918
    5.6776    0.0059    4.2531
    5.7088    0.0059    4.2152
    5.7401    0.0058    4.1781
    5.7713    0.0058    4.1417
    5.8026    0.0057    4.1061
    5.8338    0.0057    4.0712
    5.8650    0.0056    4.0370
    5.8963    0.0056    4.0035
    5.9275    0.0055    3.9707
    5.9588    0.0055    3.9384
    5.9900    0.0054    3.9068
    6.0212    0.0054    3.8758
    6.0525    0.0053    3.8454
    6.0837    0.0050    3.6306
    6.1150    0.0040    2.8846
    6.1462    0.0027    1.9202
    6.1774    0.0015    1.1122
    6.2087    0.0008    0.5800
    6.2399    0.0004    0.2793
    6.2712    0.0002    0.1263
    6.3024    0.0001    0.0544
    6.3336    0.0000    0.0225
    6.3649    0.0000    0.0089
    6.3961    0.0000    0.0034
    6.4273    0.0000    0.0013
    6.4586    0.0000    0.0004
    6.4898    0.0000    0.0001

Peak flow=   0.2731 m3/s=  196.6201 mm/h
Time to peak=    3.12 h=   186.96 min
Number of final hydrograph steps (nhyd)  =  156
Time to ponding=   1.632 h
