File: output\sample.out                                UH v3.0.9, 04/2025
 
  
  HYDROGRAPH CALCULATION FOR WATERSHED-SCS METHOD
  
 INPUTS
 ------
Storm Rainfall=   50.00 mm
SCS storm type= II   
Storm duration=   6.0 h
SCS Curve number=  85.0
Watershed area=    0.01 ha
Maximum flow path length=   37.00 m
Average slope of flow path=    5.00 %
MUSLE type=  5 where R-factor is (see manual)
  0=Foster, 1=Williams,   2=GLEAMS
  3=Cooley, 4=PRZM-MUSLE, 5=PRZM-MUSS
  
 OUTPUTS
 -------
Runoff volume=   19.61 mm=    2.90 m3
Initial Abstraction=    8.96 mm
Concentration time=    0.04 h=     2.23 min
  
 SCS  0.5-min unit hydrograph
 time (h)    q(m3/s)   q(mm/h)
------------------------------
    0.0000    0.0000    0.0000
    0.0089    0.0002    5.6099
    0.0178    0.0009   21.7809
    0.0268    0.0012   28.5875
    0.0357    0.0010   24.0676
    0.0446    0.0007   15.8862
    0.0535    0.0004    8.9902
    0.0624    0.0002    4.5750
    0.0713    0.0001    2.1541
    0.0803    0.0000    0.9557
    0.0892    0.0000    0.4047
    0.0981    0.0000    0.1650
    0.1070    0.0000    0.0652
    0.1159    0.0000    0.0251
    0.1249    0.0000    0.0094
    0.1338    0.0000    0.0035
    0.1427    0.0000    0.0013

PASSED unit hydrograph check- V(mm)=  1.01
Number of unit hydrograph steps (n)  =   17
Number of excess hyetograph steps (m)=  395

 Final hydrograph (convolution)
 time (h)    q(m3/s)   q(mm/h)
------------------------------
    2.4874    0.0000    0.0000
    2.4963    0.0000    0.0002
    2.5052    0.0000    0.0021
    2.5141    0.0000    0.0090
    2.5230    0.0000    0.0222
    2.5320    0.0000    0.0412
    2.5409    0.0000    0.0644
    2.5498    0.0000    0.0905
    2.5587    0.0000    0.1187
    2.5676    0.0000    0.1484
    2.5766    0.0000    0.1796
    2.5855    0.0000    0.2121
    2.5944    0.0000    0.2459
    2.6033    0.0000    0.2811
    2.6122    0.0000    0.3179
    2.6211    0.0000    0.3562
    2.6301    0.0000    0.3963
    2.6390    0.0000    0.4381
    2.6479    0.0000    0.4819
    2.6568    0.0000    0.5278
    2.6657    0.0000    0.5759
    2.6747    0.0000    0.6264
    2.6836    0.0000    0.6794
    2.6925    0.0000    0.7352
    2.7014    0.0000    0.7940
    2.7103    0.0000    0.8560
    2.7193    0.0000    0.9215
    2.7282    0.0000    0.9908
    2.7371    0.0000    1.0643
    2.7460    0.0000    1.1423
    2.7549    0.0001    1.2253
    2.7638    0.0001    1.3137
    2.7728    0.0001    1.4082
    2.7817    0.0001    1.5092
    2.7906    0.0001    1.6177
    2.7995    0.0001    1.7344
    2.8084    0.0001    1.8602
    2.8174    0.0001    1.9964
    2.8263    0.0001    2.1442
    2.8352    0.0001    2.3052
    2.8441    0.0001    2.4813
    2.8530    0.0001    2.6747
    2.8620    0.0001    2.8881
    2.8709    0.0001    3.1248
    2.8798    0.0001    3.3889
    2.8887    0.0002    3.6856
    2.8976    0.0002    4.0213
    2.9065    0.0002    4.4043
    2.9155    0.0002    4.8458
    2.9244    0.0002    5.3603
    2.9333    0.0002    5.9682
    2.9422    0.0003    6.6981
    2.9511    0.0003    7.5922
    2.9601    0.0004    8.7151
    2.9690    0.0004   10.1722
    2.9779    0.0005   12.1490
    2.9868    0.0006   15.0108
    2.9957    0.0008   19.6219
    3.0047    0.0012   28.9613
    3.0136    0.0023   56.4372
    3.0225    0.0044  107.4432
    3.0314    0.0057  139.0135
    3.0403    0.0056  136.1597
    3.0492    0.0047  113.3573
    3.0582    0.0036   86.9651
    3.0671    0.0027   65.0903
    3.0760    0.0020   49.4145
    3.0849    0.0016   38.8813
    3.0938    0.0013   31.9071
    3.1028    0.0011   27.2014
    3.1117    0.0010   23.8996
    3.1206    0.0009   21.4714
    3.1295    0.0008   19.6034
    3.1384    0.0007   18.1103
    3.1473    0.0007   16.8801
    3.1563    0.0007   15.8422
    3.1652    0.0006   14.9524
    3.1741    0.0006   14.1777
    3.1830    0.0006   13.4954
    3.1919    0.0005   12.8888
    3.2009    0.0005   12.3451
    3.2098    0.0005   11.8545
    3.2187    0.0005   11.4091
    3.2276    0.0005   11.0026
    3.2365    0.0004   10.6298
    3.2455    0.0004   10.2865
    3.2544    0.0004    9.9691
    3.2633    0.0004    9.6746
    3.2722    0.0004    9.4005
    3.2811    0.0004    9.1446
    3.2900    0.0004    8.9051
    3.2990    0.0004    8.6804
    3.3079    0.0003    8.4690
    3.3168    0.0003    8.2698
    3.3257    0.0003    8.0816
    3.3346    0.0003    7.9036
    3.3436    0.0003    7.7349
    3.3525    0.0003    7.5746
    3.3614    0.0003    7.4223
    3.3703    0.0003    7.2772
    3.3792    0.0003    7.1389
    3.3882    0.0003    7.0068
    3.3971    0.0003    6.8805
    3.4060    0.0003    6.7596
    3.4149    0.0003    6.6438
    3.4238    0.0003    6.5327
    3.4327    0.0003    6.4260
    3.4417    0.0003    6.3235
    3.4506    0.0003    6.2249
    3.4595    0.0003    6.1300
    3.4684    0.0002    6.0385
    3.4773    0.0002    5.9503
    3.4863    0.0002    5.8652
    3.4952    0.0002    5.7829
    3.5041    0.0002    5.7035
    3.5130    0.0002    5.6266
    3.5219    0.0002    5.5523
    3.5309    0.0002    5.4802
    3.5398    0.0002    5.4105
    3.5487    0.0002    5.3428
    3.5576    0.0002    5.2772
    3.5665    0.0002    5.2135
    3.5754    0.0002    5.1517
    3.5844    0.0002    5.0916
    3.5933    0.0002    5.0332
    3.6022    0.0002    4.9764
    3.6111    0.0002    4.9211
    3.6200    0.0002    4.8673
    3.6290    0.0002    4.8150
    3.6379    0.0002    4.7640
    3.6468    0.0002    4.7143
    3.6557    0.0002    4.6658
    3.6646    0.0002    4.6185
    3.6735    0.0002    4.5724
    3.6825    0.0002    4.5274
    3.6914    0.0002    4.4835
    3.7003    0.0002    4.4405
    3.7092    0.0002    4.3986
    3.7181    0.0002    4.3576
    3.7271    0.0002    4.3176
    3.7360    0.0002    4.2784
    3.7449    0.0002    4.2401
    3.7538    0.0002    4.2026
    3.7627    0.0002    4.1659
    3.7717    0.0002    4.1300
    3.7806    0.0002    4.0949
    3.7895    0.0002    4.0604
    3.7984    0.0002    4.0267
    3.8073    0.0002    3.9936
    3.8162    0.0002    3.9612
    3.8252    0.0002    3.9294
    3.8341    0.0002    3.8982
    3.8430    0.0002    3.8677
    3.8519    0.0002    3.8377
    3.8608    0.0002    3.8082
    3.8698    0.0002    3.7794
    3.8787    0.0002    3.7510
    3.8876    0.0002    3.7232
    3.8965    0.0002    3.6958
    3.9054    0.0002    3.6690
    3.9144    0.0001    3.6426
    3.9233    0.0001    3.6166
    3.9322    0.0001    3.5912
    3.9411    0.0001    3.5661
    3.9500    0.0001    3.5415
    3.9589    0.0001    3.5173
    3.9679    0.0001    3.4935
    3.9768    0.0001    3.4700
    3.9857    0.0001    3.4470
    3.9946    0.0001    3.4243
    4.0035    0.0001    3.4020
    4.0125    0.0001    3.3800
    4.0214    0.0001    3.3584
    4.0303    0.0001    3.3371
    4.0392    0.0001    3.3162
    4.0481    0.0001    3.2955
    4.0571    0.0001    3.2752
    4.0660    0.0001    3.2552
    4.0749    0.0001    3.2354
    4.0838    0.0001    3.2160
    4.0927    0.0001    3.1968
    4.1016    0.0001    3.1779
    4.1106    0.0001    3.1593
    4.1195    0.0001    3.1410
    4.1284    0.0001    3.1229
    4.1373    0.0001    3.1050
    4.1462    0.0001    3.0875
    4.1552    0.0001    3.0701
    4.1641    0.0001    3.0530
    4.1730    0.0001    3.0361
    4.1819    0.0001    3.0194
    4.1908    0.0001    3.0030
    4.1997    0.0001    2.9868
    4.2087    0.0001    2.9708
    4.2176    0.0001    2.9550
    4.2265    0.0001    2.9394
    4.2354    0.0001    2.9240
    4.2443    0.0001    2.9088
    4.2533    0.0001    2.8938
    4.2622    0.0001    2.8789
    4.2711    0.0001    2.8643
    4.2800    0.0001    2.8498
    4.2889    0.0001    2.8356
    4.2979    0.0001    2.8214
    4.3068    0.0001    2.8075
    4.3157    0.0001    2.7937
    4.3246    0.0001    2.7801
    4.3335    0.0001    2.7667
    4.3424    0.0001    2.7534
    4.3514    0.0001    2.7403
    4.3603    0.0001    2.7273
    4.3692    0.0001    2.7144
    4.3781    0.0001    2.7017
    4.3870    0.0001    2.6892
    4.3960    0.0001    2.6768
    4.4049    0.0001    2.6645
    4.4138    0.0001    2.6524
    4.4227    0.0001    2.6404
    4.4316    0.0001    2.6285
    4.4406    0.0001    2.6168
    4.4495    0.0001    2.6052
    4.4584    0.0001    2.5937
    4.4673    0.0001    2.5824
    4.4762    0.0001    2.5711
    4.4851    0.0001    2.5600
    4.4941    0.0001    2.5490
    4.5030    0.0001    2.5381
    4.5119    0.0001    2.5273
    4.5208    0.0001    2.5167
    4.5297    0.0001    2.5061
    4.5387    0.0001    2.4957
    4.5476    0.0001    2.4853
    4.5565    0.0001    2.4751
    4.5654    0.0001    2.4649
    4.5743    0.0001    2.4549
    4.5833    0.0001    2.4450
    4.5922    0.0001    2.4351
    4.6011    0.0001    2.4254
    4.6100    0.0001    2.4157
    4.6189    0.0001    2.4062
    4.6278    0.0001    2.3967
    4.6368    0.0001    2.3873
    4.6457    0.0001    2.3780
    4.6546    0.0001    2.3688
    4.6635    0.0001    2.3597
    4.6724    0.0001    2.3507
    4.6814    0.0001    2.3418
    4.6903    0.0001    2.3329
    4.6992    0.0001    2.3241
    4.7081    0.0001    2.3154
    4.7170    0.0001    2.3068
    4.7259    0.0001    2.2983
    4.7349    0.0001    2.2898
    4.7438    0.0001    2.2814
    4.7527    0.0001    2.2731
    4.7616    0.0001    2.2648
    4.7705    0.0001    2.2567
    4.7795    0.0001    2.2486
    4.7884    0.0001    2.2406
    4.7973    0.0001    2.2326
    4.8062    0.0001    2.2247
    4.8151    0.0001    2.2169
    4.8241    0.0001    2.2091
    4.8330    0.0001    2.2014
    4.8419    0.0001    2.1938
    4.8508    0.0001    2.1863
    4.8597    0.0001    2.1788
    4.8686    0.0001    2.1713
    4.8776    0.0001    2.1640
    4.8865    0.0001    2.1566
    4.8954    0.0001    2.1494
    4.9043    0.0001    2.1422
    4.9132    0.0001    2.1351
    4.9222    0.0001    2.1280
    4.9311    0.0001    2.1210
    4.9400    0.0001    2.1140
    4.9489    0.0001    2.1071
    4.9578    0.0001    2.1002
    4.9668    0.0001    2.0934
    4.9757    0.0001    2.0867
    4.9846    0.0001    2.0800
    4.9935    0.0001    2.0734
    5.0024    0.0001    2.0668
    5.0113    0.0001    2.0602
    5.0203    0.0001    2.0537
    5.0292    0.0001    2.0473
    5.0381    0.0001    2.0409
    5.0470    0.0001    2.0346
    5.0559    0.0001    2.0283
    5.0649    0.0001    2.0220
    5.0738    0.0001    2.0158
    5.0827    0.0001    2.0097
    5.0916    0.0001    2.0036
    5.1005    0.0001    1.9975
    5.1095    0.0001    1.9915
    5.1184    0.0001    1.9855
    5.1273    0.0001    1.9796
    5.1362    0.0001    1.9737
    5.1451    0.0001    1.9678
    5.1540    0.0001    1.9620
    5.1630    0.0001    1.9563
    5.1719    0.0001    1.9506
    5.1808    0.0001    1.9449
    5.1897    0.0001    1.9392
    5.1986    0.0001    1.9336
    5.2076    0.0001    1.9281
    5.2165    0.0001    1.9225
    5.2254    0.0001    1.9171
    5.2343    0.0001    1.9116
    5.2432    0.0001    1.9062
    5.2521    0.0001    1.9008
    5.2611    0.0001    1.8955
    5.2700    0.0001    1.8902
    5.2789    0.0001    1.8849
    5.2878    0.0001    1.8797
    5.2967    0.0001    1.8745
    5.3057    0.0001    1.8694
    5.3146    0.0001    1.8642
    5.3235    0.0001    1.8592
    5.3324    0.0001    1.8541
    5.3413    0.0001    1.8491
    5.3503    0.0001    1.8441
    5.3592    0.0001    1.8391
    5.3681    0.0001    1.8342
    5.3770    0.0001    1.8293
    5.3859    0.0001    1.8245
    5.3948    0.0001    1.8196
    5.4038    0.0001    1.8148
    5.4127    0.0001    1.8101
    5.4216    0.0001    1.8053
    5.4305    0.0001    1.8006
    5.4394    0.0001    1.7960
    5.4484    0.0001    1.7913
    5.4573    0.0001    1.7867
    5.4662    0.0001    1.7821
    5.4751    0.0001    1.7775
    5.4840    0.0001    1.7730
    5.4930    0.0001    1.7685
    5.5019    0.0001    1.7640
    5.5108    0.0001    1.7596
    5.5197    0.0001    1.7552
    5.5286    0.0001    1.7508
    5.5375    0.0001    1.7464
    5.5465    0.0001    1.7421
    5.5554    0.0001    1.7377
    5.5643    0.0001    1.7334
    5.5732    0.0001    1.7292
    5.5821    0.0001    1.7249
    5.5911    0.0001    1.7207
    5.6000    0.0001    1.7165
    5.6089    0.0001    1.7124
    5.6178    0.0001    1.7082
    5.6267    0.0001    1.7041
    5.6357    0.0001    1.7000
    5.6446    0.0001    1.6960
    5.6535    0.0001    1.6919
    5.6624    0.0001    1.6879
    5.6713    0.0001    1.6839
    5.6802    0.0001    1.6799
    5.6892    0.0001    1.6760
    5.6981    0.0001    1.6721
    5.7070    0.0001    1.6682
    5.7159    0.0001    1.6643
    5.7248    0.0001    1.6604
    5.7338    0.0001    1.6566
    5.7427    0.0001    1.6528
    5.7516    0.0001    1.6490
    5.7605    0.0001    1.6452
    5.7694    0.0001    1.6414
    5.7783    0.0001    1.6377
    5.7873    0.0001    1.6340
    5.7962    0.0001    1.6303
    5.8051    0.0001    1.6266
    5.8140    0.0001    1.6230
    5.8229    0.0001    1.6193
    5.8319    0.0001    1.6157
    5.8408    0.0001    1.6121
    5.8497    0.0001    1.6086
    5.8586    0.0001    1.6050
    5.8675    0.0001    1.6015
    5.8765    0.0001    1.5980
    5.8854    0.0001    1.5945
    5.8943    0.0001    1.5910
    5.9032    0.0001    1.5875
    5.9121    0.0001    1.5841
    5.9210    0.0001    1.5806
    5.9300    0.0001    1.5772
    5.9389    0.0001    1.5739
    5.9478    0.0001    1.5705
    5.9567    0.0001    1.5671
    5.9656    0.0001    1.5638
    5.9746    0.0001    1.5605
    5.9835    0.0001    1.5572
    5.9924    0.0001    1.5539
    6.0013    0.0001    1.5506
    6.0102    0.0001    1.5474
    6.0192    0.0001    1.4681
    6.0281    0.0000    1.1699
    6.0370    0.0000    0.7800
    6.0459    0.0000    0.4523
    6.0548    0.0000    0.2360
    6.0637    0.0000    0.1137
    6.0727    0.0000    0.0515
    6.0816    0.0000    0.0222
    6.0905    0.0000    0.0092
    6.0994    0.0000    0.0037
    6.1083    0.0000    0.0014
    6.1173    0.0000    0.0005
    6.1262    0.0000    0.0002
    6.1351    0.0000    0.0001
    6.1440    0.0000    0.0000

Peak flow=   0.0057 m3/s=  139.0135 mm/h
Time to peak=    3.03 h=   181.88 min
Number of final hydrograph steps (nhyd)  =  411
