File: output\uncert.out                                 UH v2.4.2,  7/2002
 
  
  HYDROGRAPH CALCULATION FOR WATERSHED-SCS METHOD
  
 Inputs
 ------
Storm Rainfall=   10.00 mm
SCS storm type= II 
Storm duration=   6.0 h
SCS Curve number=  85.0
Watershed area=    0.50 ha
Maximum flow path length=  100.00 m
Average slope of flow path=    2.00 %
MUSLE type=  1 where:
  1=Williams, 2=GLEAMS, 3=Foster  (See Manual)
  
 Outputs
 -------
Runoff volume=    0.02 mm=    0.12 m3
Initial Abstraction=    8.96 mm
Concentration time=    0.13 h=     7.81 min
Peak flow=   0.0000 m3/s=    0.0162 mm/h
Time to peak=    1.10 h=    66.26 min
  
 Hydrograph based on SCS-unit hydrograph:
  time (h)     q(m3/s)   q(mm/h)
  
     0.00    0.0000    0.0000
     0.11    0.0000    0.0001
     0.22    0.0000    0.0008
     0.33    0.0000    0.0024
     0.44    0.0000    0.0049
     0.55    0.0000    0.0078
     0.66    0.0000    0.0107
     0.77    0.0000    0.0131
     0.88    0.0000    0.0148
     0.99    0.0000    0.0159
     1.10    0.0000    0.0162
     1.21    0.0000    0.0159
     1.33    0.0000    0.0151
     1.44    0.0000    0.0140
     1.55    0.0000    0.0127
     1.66    0.0000    0.0113
     1.77    0.0000    0.0099
     1.88    0.0000    0.0085
     1.99    0.0000    0.0073
     2.10    0.0000    0.0061
     2.21    0.0000    0.0051
     2.32    0.0000    0.0042
     2.43    0.0000    0.0034
     2.54    0.0000    0.0028
     2.65    0.0000    0.0022
     2.76    0.0000    0.0018
     2.87    0.0000    0.0014
     2.98    0.0000    0.0011
     3.09    0.0000    0.0009
     3.20    0.0000    0.0007
     3.31    0.0000    0.0005
     3.42    0.0000    0.0004
     3.53    0.0000    0.0003
     3.64    0.0000    0.0002
     3.76    0.0000    0.0002
     3.87    0.0000    0.0001
     3.98    0.0000    0.0001
     4.09    0.0000    0.0001
     4.20    0.0000    0.0001
     4.31    0.0000    0.0000
     4.42    0.0000    0.0000
     4.53    0.0000    0.0000
     4.64    0.0000    0.0000
     4.75    0.0000    0.0000
     4.86    0.0000    0.0000
     4.97    0.0000    0.0000
     5.08    0.0000    0.0000
     5.19    0.0000    0.0000
     5.30    0.0000    0.0000
     5.41    0.0000    0.0000
     5.52    0.0000    0.0000
     5.63    0.0000    0.0000
  
Time to ponding=   4.223 h
Duration of rainfall excess=   1.777 h
Time correction to match hyetograph=   4.223 h
