File: C:\qvfsmod\output\sample.out                     UH v3.0.8, 09/2023
 
  
  HYDROGRAPH CALCULATION FOR WATERSHED-SCS METHOD
  
 INPUTS
 ------
Storm Rainfall=   20.00 mm
SCS storm type= II   
Storm duration=   6.0 h
SCS Curve number=  90.0
Watershed area=    0.50 ha
Maximum flow path length=  100.00 m
Average slope of flow path=    2.00 %
MUSLE type=  5 where R-factor is (see manual)
  0=Foster, 1=Williams,   2=GLEAMS
  3=Cooley, 4=PRZM-MUSLE, 5=PRZM-MUSS
  
 OUTPUTS
 -------
Runoff volume=   18.34 mm=   91.69 m3
Initial Abstraction=    5.64 mm
Concentration time=    0.11 h=     6.47 min
  
 SCS  1.6-min unit hydrograph
 time (h)    q(m3/s)   q(mm/h)
------------------------------
    0.0000    0.0000    0.0000
    0.0259    0.0027    1.9344
    0.0517    0.0104    7.5104
    0.0776    0.0137    9.8574
    0.1035    0.0115    8.2989
    0.1293    0.0076    5.4778
    0.1552    0.0043    3.1000
    0.1811    0.0022    1.5776
    0.2069    0.0010    0.7428
    0.2328    0.0005    0.3296
    0.2586    0.0002    0.1395
    0.2845    0.0001    0.0569
    0.3104    0.0000    0.0225
    0.3362    0.0000    0.0086
    0.3621    0.0000    0.0033
    0.3880    0.0000    0.0012
    0.4138    0.0000    0.0004

PASSED unit hydrograph check- V(mm)=  1.01
Number of unit hydrograph steps (n)  =   17
Number of excess hyetograph steps (m)=  121

 Final hydrograph (convolution)
 time (h)    q(m3/s)   q(mm/h)
------------------------------
    2.8966    0.0000    0.0000
    2.9224    0.0000    0.0018
    2.9483    0.0000    0.0215
    2.9741    0.0001    0.1061
    3.0000    0.0005    0.3528
    3.0259    0.0023    1.6702
    3.0517    0.0085    6.1360
    3.0776    0.0171   12.3203
    3.1035    0.0209   15.0725
    3.1293    0.0195   14.0076
    3.1552    0.0157   11.2996
    3.1811    0.0119    8.6002
    3.2069    0.0091    6.5263
    3.2328    0.0071    5.1030
    3.2587    0.0058    4.1649
    3.2845    0.0049    3.5430
    3.3104    0.0043    3.1157
    3.3363    0.0039    2.8071
    3.3621    0.0036    2.5727
    3.3880    0.0033    2.3865
    3.4138    0.0031    2.2335
    3.4397    0.0029    2.1044
    3.4656    0.0028    1.9935
    3.4914    0.0026    1.8967
    3.5173    0.0025    1.8113
    3.5432    0.0024    1.7351
    3.5690    0.0023    1.6667
    3.5949    0.0022    1.6048
    3.6208    0.0022    1.5484
    3.6466    0.0021    1.4968
    3.6725    0.0020    1.4494
    3.6984    0.0020    1.4056
    3.7242    0.0019    1.3651
    3.7501    0.0018    1.3274
    3.7760    0.0018    1.2922
    3.8018    0.0017    1.2593
    3.8277    0.0017    1.2284
    3.8536    0.0017    1.1994
    3.8794    0.0016    1.1721
    3.9053    0.0016    1.1463
    3.9311    0.0016    1.1219
    3.9570    0.0015    1.0987
    3.9829    0.0015    1.0768
    4.0087    0.0015    1.0559
    4.0346    0.0014    1.0360
    4.0605    0.0014    1.0170
    4.0863    0.0014    0.9989
    4.1122    0.0014    0.9816
    4.1381    0.0013    0.9650
    4.1639    0.0013    0.9491
    4.1898    0.0013    0.9338
    4.2157    0.0013    0.9192
    4.2415    0.0013    0.9051
    4.2674    0.0012    0.8916
    4.2933    0.0012    0.8785
    4.3191    0.0012    0.8660
    4.3450    0.0012    0.8539
    4.3709    0.0012    0.8421
    4.3967    0.0012    0.8308
    4.4226    0.0011    0.8199
    4.4484    0.0011    0.8093
    4.4743    0.0011    0.7991
    4.5002    0.0011    0.7892
    4.5260    0.0011    0.7796
    4.5519    0.0011    0.7702
    4.5778    0.0011    0.7612
    4.6036    0.0010    0.7524
    4.6295    0.0010    0.7439
    4.6554    0.0010    0.7356
    4.6812    0.0010    0.7275
    4.7071    0.0010    0.7197
    4.7330    0.0010    0.7120
    4.7588    0.0010    0.7046
    4.7847    0.0010    0.6974
    4.8106    0.0010    0.6903
    4.8364    0.0009    0.6834
    4.8623    0.0009    0.6767
    4.8881    0.0009    0.6702
    4.9140    0.0009    0.6638
    4.9399    0.0009    0.6576
    4.9657    0.0009    0.6515
    4.9916    0.0009    0.6455
    5.0175    0.0009    0.6397
    5.0433    0.0009    0.6340
    5.0692    0.0009    0.6285
    5.0951    0.0009    0.6230
    5.1209    0.0009    0.6177
    5.1468    0.0009    0.6125
    5.1727    0.0008    0.6074
    5.1985    0.0008    0.6024
    5.2244    0.0008    0.5975
    5.2503    0.0008    0.5927
    5.2761    0.0008    0.5880
    5.3020    0.0008    0.5834
    5.3279    0.0008    0.5789
    5.3537    0.0008    0.5745
    5.3796    0.0008    0.5702
    5.4054    0.0008    0.5659
    5.4313    0.0008    0.5617
    5.4572    0.0008    0.5576
    5.4830    0.0008    0.5536
    5.5089    0.0008    0.5496
    5.5348    0.0008    0.5457
    5.5606    0.0008    0.5419
    5.5865    0.0007    0.5382
    5.6124    0.0007    0.5345
    5.6382    0.0007    0.5309
    5.6641    0.0007    0.5273
    5.6900    0.0007    0.5238
    5.7158    0.0007    0.5204
    5.7417    0.0007    0.5170
    5.7676    0.0007    0.5136
    5.7934    0.0007    0.5104
    5.8193    0.0007    0.5071
    5.8452    0.0007    0.5040
    5.8710    0.0007    0.5008
    5.8969    0.0007    0.4977
    5.9227    0.0007    0.4947
    5.9486    0.0007    0.4917
    5.9745    0.0007    0.4888
    6.0003    0.0007    0.4859
    6.0262    0.0007    0.4830
    6.0521    0.0006    0.4568
    6.0779    0.0005    0.3633
    6.1038    0.0003    0.2420
    6.1297    0.0002    0.1402
    6.1555    0.0001    0.0731
    6.1814    0.0000    0.0352
    6.2073    0.0000    0.0159
    6.2331    0.0000    0.0069
    6.2590    0.0000    0.0028
    6.2849    0.0000    0.0011
    6.3107    0.0000    0.0004
    6.3366    0.0000    0.0002
    6.3624    0.0000    0.0001
    6.3883    0.0000    0.0000
    6.4142    0.0000    0.0000

Peak flow=   0.0209 m3/s=   15.0725 mm/h
Time to peak=    3.10 h=   186.21 min
Number of final hydrograph steps (nhyd)  =  137
