File: output\sample.out                                UH v3.0.8, 09/2023
 
  
  HYDROGRAPH CALCULATION FOR WATERSHED-SCS METHOD
  
 INPUTS
 ------
Storm Rainfall=  100.00 mm
SCS storm type= II   
Storm duration=   6.0 h
SCS Curve number=  70.0
Watershed area=    0.50 ha
Maximum flow path length=  100.00 m
Average slope of flow path=    2.00 %
MUSLE type=  5 where R-factor is (see manual)
  0=Foster, 1=Williams,   2=GLEAMS
  3=Cooley, 4=PRZM-MUSLE, 5=PRZM-MUSS
  
 OUTPUTS
 -------
Runoff volume=  289.32 mm= 1446.58 m3
Initial Abstraction=   21.77 mm
Concentration time=    0.20 h=    12.29 min
  
 SCS  3.0-min unit hydrograph
 time (h)    q(m3/s)   q(mm/h)
------------------------------
    0.0000    0.0000    0.0000
    0.0492    0.0014    1.0175
    0.0983    0.0055    3.9505
    0.1475    0.0072    5.1850
    0.1967    0.0061    4.3652
    0.2459    0.0040    2.8813
    0.2950    0.0023    1.6306
    0.3442    0.0012    0.8298
    0.3934    0.0005    0.3907
    0.4426    0.0002    0.1733
    0.4917    0.0001    0.0734
    0.5409    0.0000    0.0299
    0.5901    0.0000    0.0118
    0.6392    0.0000    0.0045
    0.6884    0.0000    0.0017
    0.7376    0.0000    0.0006
    0.7868    0.0000    0.0002

PASSED unit hydrograph check- V(mm)=  1.01
Number of unit hydrograph steps (n)  =   17
Number of excess hyetograph steps (m)=   68

 Final hydrograph (convolution)
 time (h)    q(m3/s)   q(mm/h)
------------------------------
    2.7317    0.0000    0.0000
    2.7809    0.0000    0.0125
    2.8301    0.0001    0.0955
    2.8792    0.0005    0.3458
    2.9284    0.0012    0.8717
    2.9776    0.0026    1.8713
    3.0267    0.0057    4.1203
    3.0759    0.0239   17.2248
    3.1251    0.0683   49.1562
    3.1743    0.0960   69.1122
    3.2234    0.0944   67.9499
    3.2726    0.0772   55.6051
    3.3218    0.0581   41.8239
    3.3710    0.0429   30.8667
    3.4201    0.0324   23.3222
    3.4693    0.0256   18.4285
    3.5185    0.0212   15.2759
    3.5676    0.0183   13.1845
    3.6168    0.0163   11.7255
    3.6660    0.0148   10.6491
    3.7152    0.0136    9.8134
    3.7643    0.0127    9.1379
    3.8135    0.0119    8.5748
    3.8627    0.0112    8.0942
    3.9119    0.0107    7.6785
    3.9610    0.0102    7.3133
    4.0102    0.0097    6.9891
    4.0594    0.0093    6.6988
    4.1085    0.0089    6.4371
    4.1577    0.0086    6.1995
    4.2069    0.0083    5.9827
    4.2561    0.0080    5.7839
    4.3052    0.0078    5.6008
    4.3544    0.0075    5.4315
    4.4036    0.0073    5.2743
    4.4528    0.0071    5.1280
    4.5019    0.0069    4.9914
    4.5511    0.0068    4.8635
    4.6003    0.0066    4.7434
    4.6495    0.0064    4.6304
    4.6986    0.0063    4.5239
    4.7478    0.0061    4.4232
    4.7970    0.0060    4.3279
    4.8461    0.0059    4.2376
    4.8953    0.0058    4.1517
    4.9445    0.0057    4.0701
    4.9937    0.0055    3.9923
    5.0428    0.0054    3.9181
    5.0920    0.0053    3.8472
    5.1412    0.0052    3.7794
    5.1904    0.0052    3.7145
    5.2395    0.0051    3.6523
    5.2887    0.0050    3.5926
    5.3379    0.0049    3.5352
    5.3870    0.0048    3.4801
    5.4362    0.0048    3.4270
    5.4854    0.0047    3.3759
    5.5346    0.0046    3.3266
    5.5837    0.0046    3.2791
    5.6329    0.0045    3.2332
    5.6821    0.0044    3.1889
    5.7313    0.0044    3.1460
    5.7804    0.0043    3.1045
    5.8296    0.0043    3.0644
    5.8788    0.0042    3.0255
    5.9279    0.0041    2.9878
    5.9771    0.0041    2.9513
    6.0263    0.0040    2.9158
    6.0755    0.0040    2.8813
    6.1246    0.0038    2.7113
    6.1738    0.0030    2.1500
    6.2230    0.0020    1.4296
    6.2722    0.0011    0.8275
    6.3213    0.0006    0.4314
    6.3705    0.0003    0.2077
    6.4197    0.0001    0.0939
    6.4688    0.0001    0.0404
    6.5180    0.0000    0.0167
    6.5672    0.0000    0.0067
    6.6164    0.0000    0.0026
    6.6655    0.0000    0.0010
    6.7147    0.0000    0.0004
    6.7639    0.0000    0.0001
    6.8131    0.0000    0.0000

Peak flow=   0.0960 m3/s=   69.1122 mm/h
Time to peak=    3.17 h=   190.46 min
Number of final hydrograph steps (nhyd)  =   84
