File: C:\qvfsmod\output\sample.out                     UH v3.0.8, 09/2023
 
  
  HYDROGRAPH CALCULATION FOR WATERSHED-SCS METHOD
  
 INPUTS
 ------
Storm Rainfall=  100.00 mm
SCS storm type= II   
Storm duration=   6.0 h
SCS Curve number=  90.0
Watershed area=    0.50 ha
Maximum flow path length=  100.00 m
Average slope of flow path=    2.00 %
MUSLE type=  5 where R-factor is (see manual)
  0=Foster, 1=Williams,   2=GLEAMS
  3=Cooley, 4=PRZM-MUSLE, 5=PRZM-MUSS
  
 OUTPUTS
 -------
Runoff volume=  705.52 mm= 3527.58 m3
Initial Abstraction=    5.64 mm
Concentration time=    0.11 h=     6.47 min
  
 SCS  1.6-min unit hydrograph
 time (h)    q(m3/s)   q(mm/h)
------------------------------
    0.0000    0.0000    0.0000
    0.0259    0.0027    1.9344
    0.0517    0.0104    7.5104
    0.0776    0.0137    9.8574
    0.1035    0.0115    8.2989
    0.1293    0.0076    5.4778
    0.1552    0.0043    3.1000
    0.1811    0.0022    1.5776
    0.2069    0.0010    0.7428
    0.2328    0.0005    0.3296
    0.2586    0.0002    0.1395
    0.2845    0.0001    0.0569
    0.3104    0.0000    0.0225
    0.3362    0.0000    0.0086
    0.3621    0.0000    0.0033
    0.3880    0.0000    0.0012
    0.4138    0.0000    0.0004

PASSED unit hydrograph check- V(mm)=  1.01
Number of unit hydrograph steps (n)  =   17
Number of excess hyetograph steps (m)=  189

 Final hydrograph (convolution)
 time (h)    q(m3/s)   q(mm/h)
------------------------------
    1.1379    0.0000    0.0000
    1.1638    0.0000    0.0000
    1.1897    0.0000    0.0017
    1.2155    0.0000    0.0117
    1.2414    0.0001    0.0368
    1.2673    0.0001    0.0778
    1.2931    0.0002    0.1313
    1.3190    0.0003    0.1928
    1.3449    0.0004    0.2594
    1.3707    0.0005    0.3291
    1.3966    0.0006    0.4009
    1.4224    0.0007    0.4744
    1.4483    0.0008    0.5494
    1.4742    0.0009    0.6259
    1.5000    0.0010    0.7039
    1.5259    0.0011    0.7836
    1.5518    0.0012    0.8649
    1.5776    0.0013    0.9479
    1.6035    0.0014    1.0328
    1.6294    0.0016    1.1197
    1.6552    0.0017    1.2085
    1.6811    0.0018    1.2995
    1.7070    0.0019    1.3928
    1.7328    0.0021    1.4885
    1.7587    0.0022    1.5867
    1.7846    0.0023    1.6876
    1.8104    0.0025    1.7913
    1.8363    0.0026    1.8981
    1.8621    0.0028    2.0080
    1.8880    0.0029    2.1213
    1.9139    0.0031    2.2382
    1.9397    0.0033    2.3589
    1.9656    0.0034    2.4837
    1.9915    0.0036    2.6128
    2.0173    0.0038    2.7466
    2.0432    0.0040    2.8854
    2.0691    0.0042    3.0295
    2.0949    0.0044    3.1794
    2.1208    0.0046    3.3354
    2.1467    0.0049    3.4980
    2.1725    0.0051    3.6678
    2.1984    0.0053    3.8453
    2.2243    0.0056    4.0312
    2.2501    0.0059    4.2263
    2.2760    0.0062    4.4312
    2.3019    0.0065    4.6470
    2.3277    0.0068    4.8746
    2.3536    0.0071    5.1153
    2.3794    0.0075    5.3703
    2.4053    0.0078    5.6411
    2.4312    0.0082    5.9296
    2.4570    0.0087    6.2376
    2.4829    0.0091    6.5675
    2.5088    0.0096    6.9220
    2.5346    0.0101    7.3044
    2.5605    0.0107    7.7183
    2.5864    0.0113    8.1683
    2.6122    0.0120    8.6599
    2.6381    0.0128    9.1996
    2.6640    0.0136    9.7956
    2.6898    0.0145   10.4581
    2.7157    0.0156   11.2000
    2.7416    0.0167   12.0376
    2.7674    0.0180   12.9928
    2.7933    0.0196   14.0943
    2.8192    0.0214   15.3820
    2.8450    0.0235   16.9120
    2.8709    0.0261   18.7674
    2.8967    0.0293   21.0764
    2.9226    0.0334   24.0508
    2.9485    0.0390   28.0740
    2.9743    0.0471   33.9462
    3.0002    0.0609   43.8511
    3.0261    0.1051   75.6666
    3.0519    0.2179  156.9147
    3.0778    0.3358  241.7942
    3.1037    0.3602  259.3777
    3.1295    0.3060  220.2869
    3.1554    0.2284  164.4675
    3.1813    0.1616  116.3357
    3.2071    0.1145   82.4066
    3.2330    0.0843   60.6748
    3.2589    0.0656   47.2240
    3.2847    0.0539   38.8113
    3.3106    0.0463   33.3212
    3.3364    0.0410   29.5178
    3.3623    0.0371   26.7154
    3.3882    0.0341   24.5379
    3.4140    0.0316   22.7751
    3.4399    0.0296   21.3032
    3.4658    0.0278   20.0488
    3.4916    0.0263   18.9633
    3.5175    0.0250   18.0101
    3.5434    0.0238   17.1647
    3.5692    0.0228   16.4085
    3.5951    0.0218   15.7274
    3.6210    0.0210   15.1101
    3.6468    0.0202   14.5475
    3.6727    0.0195   14.0323
    3.6986    0.0188   13.5584
    3.7244    0.0182   13.1208
    3.7503    0.0177   12.7153
    3.7762    0.0171   12.3383
    3.8020    0.0166   11.9867
    3.8279    0.0162   11.6580
    3.8537    0.0158   11.3498
    3.8796    0.0154   11.0602
    3.9055    0.0150   10.7875
    3.9313    0.0146   10.5302
    3.9572    0.0143   10.2869
    3.9831    0.0140   10.0565
    4.0089    0.0137    9.8379
    4.0348    0.0134    9.6302
    4.0607    0.0131    9.4326
    4.0865    0.0128    9.2443
    4.1124    0.0126    9.0646
    4.1383    0.0124    8.8930
    4.1641    0.0121    8.7288
    4.1900    0.0119    8.5716
    4.2159    0.0117    8.4209
    4.2417    0.0115    8.2764
    4.2676    0.0113    8.1375
    4.2934    0.0111    8.0040
    4.3193    0.0109    7.8756
    4.3452    0.0108    7.7519
    4.3710    0.0106    7.6327
    4.3969    0.0104    7.5177
    4.4228    0.0103    7.4068
    4.4486    0.0101    7.2996
    4.4745    0.0100    7.1960
    4.5004    0.0099    7.0958
    4.5262    0.0097    6.9989
    4.5521    0.0096    6.9050
    4.5780    0.0095    6.8140
    4.6038    0.0093    6.7258
    4.6297    0.0092    6.6402
    4.6556    0.0091    6.5571
    4.6814    0.0090    6.4765
    4.7073    0.0089    6.3982
    4.7332    0.0088    6.3220
    4.7590    0.0087    6.2480
    4.7849    0.0086    6.1759
    4.8107    0.0085    6.1058
    4.8366    0.0084    6.0376
    4.8625    0.0083    5.9711
    4.8883    0.0082    5.9063
    4.9142    0.0081    5.8431
    4.9401    0.0080    5.7815
    4.9659    0.0079    5.7215
    4.9918    0.0079    5.6628
    5.0177    0.0078    5.6056
    5.0435    0.0077    5.5497
    5.0694    0.0076    5.4951
    5.0953    0.0076    5.4417
    5.1211    0.0075    5.3896
    5.1470    0.0074    5.3386
    5.1729    0.0073    5.2887
    5.1987    0.0073    5.2400
    5.2246    0.0072    5.1922
    5.2505    0.0071    5.1455
    5.2763    0.0071    5.0997
    5.3022    0.0070    5.0549
    5.3280    0.0070    5.0111
    5.3539    0.0069    4.9681
    5.3798    0.0068    4.9259
    5.4056    0.0068    4.8846
    5.4315    0.0067    4.8441
    5.4574    0.0067    4.8044
    5.4832    0.0066    4.7654
    5.5091    0.0066    4.7272
    5.5350    0.0065    4.6897
    5.5608    0.0065    4.6529
    5.5867    0.0064    4.6167
    5.6126    0.0064    4.5812
    5.6384    0.0063    4.5464
    5.6643    0.0063    4.5121
    5.6902    0.0062    4.4785
    5.7160    0.0062    4.4455
    5.7419    0.0061    4.4130
    5.7677    0.0061    4.3810
    5.7936    0.0060    4.3496
    5.8195    0.0060    4.3188
    5.8453    0.0060    4.2884
    5.8712    0.0059    4.2586
    5.8971    0.0059    4.2292
    5.9229    0.0058    4.2003
    5.9488    0.0058    4.1718
    5.9747    0.0058    4.1438
    6.0005    0.0057    4.1163
    6.0264    0.0057    4.0892
    6.0523    0.0054    3.8649
    6.0781    0.0043    3.0728
    6.1040    0.0028    2.0462
    6.1299    0.0016    1.1854
    6.1557    0.0009    0.6184
    6.1816    0.0004    0.2978
    6.2075    0.0002    0.1347
    6.2333    0.0001    0.0580
    6.2592    0.0000    0.0240
    6.2850    0.0000    0.0096
    6.3109    0.0000    0.0037
    6.3368    0.0000    0.0014
    6.3626    0.0000    0.0005
    6.3885    0.0000    0.0002
    6.4144    0.0000    0.0000

Peak flow=   0.3602 m3/s=  259.3777 mm/h
Time to peak=    3.10 h=   186.22 min
Number of final hydrograph steps (nhyd)  =  205
